
> react-example@0.0.0 lint
> tsc --noEmit

convex/chat.ts(235,24): error TS2339: Property 'name' does not exist on type '{ _id: Id<"userBadges">; _creationTime: number; awardedBy?: Id<"users">; churchId: Id<"churches">; userId: Id<"users">; badgeId: Id<"badges">; awardedAt: number; } | ... 26 more ... | { ...; }'.
  Property 'name' does not exist on type '{ _id: Id<"userBadges">; _creationTime: number; awardedBy?: Id<"users">; churchId: Id<"churches">; userId: Id<"users">; badgeId: Id<"badges">; awardedAt: number; }'.
convex/chat.ts(248,23): error TS2339: Property 'name' does not exist on type '{ _id: Id<"userBadges">; _creationTime: number; awardedBy?: Id<"users">; churchId: Id<"churches">; userId: Id<"users">; badgeId: Id<"badges">; awardedAt: number; } | ... 26 more ... | { ...; }'.
  Property 'name' does not exist on type '{ _id: Id<"userBadges">; _creationTime: number; awardedBy?: Id<"users">; churchId: Id<"churches">; userId: Id<"users">; badgeId: Id<"badges">; awardedAt: number; }'.
convex/oversight.ts(87,30): error TS2339: Property 'endDate' does not exist on type '{ _id: Id<"userBadges">; _creationTime: number; awardedBy?: Id<"users">; churchId: Id<"churches">; userId: Id<"users">; badgeId: Id<"badges">; awardedAt: number; } | ... 26 more ... | { ...; }'.
  Property 'endDate' does not exist on type '{ _id: Id<"userBadges">; _creationTime: number; awardedBy?: Id<"users">; churchId: Id<"churches">; userId: Id<"users">; badgeId: Id<"badges">; awardedAt: number; }'.
convex/probation.ts(116,18): error TS2339: Property 'handler' does not exist on type 'RegisteredMutation<"public", { note?: string; probationId: Id<"probationPeriods">; score: "Excellent" | "Good" | "Needs Improvement" | "Disapprove"; }, Promise<void>>'.
convex/services.ts(78,11): error TS2339: Property 'and' does not exist on type 'IndexRangeBuilder<{ _id: Id<"services">; _creationTime: number; qrCodeSecret?: string; qrType?: "Unique" | "Generic"; name: string; churchId: Id<"churches">; startTime: number; endTime: number; }, [...], 0>'.
convex/services.ts(80,17): error TS2345: Argument of type '"startTime"' is not assignable to parameter of type '"churchId"'.
convex/services.ts(81,16): error TS2345: Argument of type '"startTime"' is not assignable to parameter of type '"churchId"'.
src/components/HallOfFame.tsx(18,73): error TS2551: Property 'department' does not exist on type '{ departmentName: string; _id: Id<"subunits">; _creationTime: number; assistantId?: Id<"users">; leadId?: Id<"users">; name: string; churchId: Id<"churches">; departmentId: Id<...>; }'. Did you mean 'departmentId'?
src/pages/AdminPage.tsx(209,81): error TS2353: Object literal may only specify known properties, and 'assistantId' does not exist in type '{ name?: string; leadId?: Id<"users">; id: Id<"subunits">; }'.
src/pages/mobile/DeptHeadHome.tsx(26,45): error TS2551: Property 'department' does not exist on type '{ departmentName: string; _id: Id<"subunits">; _creationTime: number; assistantId?: Id<"users">; leadId?: Id<"users">; name: string; churchId: Id<"churches">; departmentId: Id<...>; }'. Did you mean 'departmentId'?
src/pages/mobile/SubunitLeadHome.tsx(12,45): error TS2339: Property 'getNextService' does not exist on type '{ getChurchServices: FunctionReference<"query", "public", {}, { _id: Id<"services">; _creationTime: number; qrCodeSecret?: string; qrType?: "Unique" | "Generic"; name: string; churchId: Id<"churches">; startTime: number; endTime: number; }[], string>; createService: FunctionReference<...>; deleteService: FunctionRef...'.
src/pages/mobile/SuperAdminHome.tsx(24,38): error TS2339: Property 'totalAttendanceRecords' does not exist on type '{ totalVolunteers: number; avgAttendance: number; upcomingServices: number; pendingRequests: number; nextService: { _id: Id<"services">; _creationTime: number; qrCodeSecret?: string; qrType?: "Unique" | "Generic"; name: string; churchId: Id<...>; startTime: number; endTime: number; }; }'.
src/pages/mobile/SuperAdminHome.tsx(51,55): error TS2339: Property 'totalSubunits' does not exist on type '{ totalVolunteers: number; avgAttendance: number; upcomingServices: number; pendingRequests: number; nextService: { _id: Id<"services">; _creationTime: number; qrCodeSecret?: string; qrType?: "Unique" | "Generic"; name: string; churchId: Id<...>; startTime: number; endTime: number; }; }'.
src/pages/mobile/SuperAdminHome.tsx(76,63): error TS2551: Property 'department' does not exist on type '{ departmentName: string; _id: Id<"subunits">; _creationTime: number; assistantId?: Id<"users">; leadId?: Id<"users">; name: string; churchId: Id<"churches">; departmentId: Id<...>; }'. Did you mean 'departmentId'?
src/pages/mobile/VolunteerHome.tsx(11,45): error TS2339: Property 'getNextService' does not exist on type '{ getChurchServices: FunctionReference<"query", "public", {}, { _id: Id<"services">; _creationTime: number; qrCodeSecret?: string; qrType?: "Unique" | "Generic"; name: string; churchId: Id<"churches">; startTime: number; endTime: number; }[], string>; createService: FunctionReference<...>; deleteService: FunctionRef...'.
src/pages/Rota.tsx(13,3): error TS2300: Duplicate identifier 'TrendingDown'.
src/pages/Rota.tsx(14,3): error TS2300: Duplicate identifier 'TrendingDown'.
